$ ls | grep alma | wc -l | tr -d " "
3

$ [[ $(ls | grep alma | wc -l) -eq 3 ]] && echo "equal to 3"
equal to 3

$ echo grep alma*
grep alma9_install.txt alma9_updates.txt alma_mirror.txt

$ ls | grep alma*; echo "status $?"
status 1

$ cd ../elsewhere

$ ls ../files | grep alma*; echo "status $?"
(eval):1: no matches found: alma*
status 1

$ ls ../files | grep "alma*"
alma9_install.txt
alma9_updates.txt
alma_mirror.txt
almond.txt

$ ls ../files | grep "^alma"
alma9_install.txt
alma9_updates.txt
alma_mirror.txt

