$ fzf --zsh | sed -n '/commands,history/,/FZF_DEFAULT_OPTS_FILE/p'
  if zmodload -F zsh/parameter p:{commands,history} 2>/dev/null && (( ${+commands[perl]} )); then
    selected="$(printf '%s\t%s\000' "${(kv)history[@]}" |
      perl -0 -ne 'if (!$seen{(/^\s*[0-9]+\**\t(.*)/s, $1)}++) { s/\n/\n\t/g; print; }' |
      FZF_DEFAULT_OPTS=$(__fzf_defaults "" "-n2..,.. --scheme=history --bind=ctrl-r:toggle-sort,alt-r:toggle-raw --wrap-sign '\t↳ ' --highlight-line ${FZF_CTRL_R_OPTS-} --query=${(qqq)LBUFFER} +m --read0") \
      FZF_DEFAULT_OPTS_FILE='' $(__fzfcmd))"

$ fc -rl 1
    8  the line being typed
    7  for f in *.txt\ndo wc -l < "$f"\ndone
    6  git status
    5  git push
    4  make test
    3  git status
    2  vim notes.txt
    1  make test

$ printf "%s\t%s\000" "${(kv)history[@]}" | show
7\tfor f in *.txt
do wc -l < "$f"
done\0
6\tgit status\0
5\tgit push\0
4\tmake test\0
3\tgit status\0
2\tvim notes.txt\0
1\tmake test\0

$ printf "%s\t%s\000" "${(kv)history[@]}" | perl -0 -ne "$dedup" | show
7\tfor f in *.txt
\tdo wc -l < "$f"
\tdone\0
6\tgit status\0
5\tgit push\0
4\tmake test\0
2\tvim notes.txt\0

$ printf "%s\t%s\000" "${(kv)history[@]}" | perl -0 -ne "$dedup" | fzf --read0 --print0 --scheme=history -n2..,.. --filter make | show
4\tmake test\0

$ print -l true 'print -r -- ${(k)history}' | zsh -f -i 2>/dev/null
1

