$ fzf -f '.go$ !test' < files.txt
core/app.go
src/core.go

$ fzf -f ".go$ !test" < files.txt
core/app.go
src/core.go

$ print -r -- 'fzf -f ".go$ !test" < files.txt' | zsh -f -i 2>&1 | grep -o 'event not found'
event not found

$ print -r -- "fzf -f '.go\$ !test' < files.txt" | zsh -f -i 2>/dev/null
core/app.go
src/core.go

$ fzf -f ^core < files.txt; echo "status $?"
core/app.go
core/app.py
core/app.rb
core/app_test.go
status 0

$ setopt extendedglob; print -r -- ^core; fzf -f ^core < files.txt; echo "status $?"; unsetopt extendedglob
files.txt
status 1

$ setopt extendedglob; fzf -f '^core' < files.txt; unsetopt extendedglob
core/app.go
core/app.py
core/app.rb
core/app_test.go

