$ cat files.txt
src/main.go
src/main_test.go
docs/README.md
core/app.py
core/app.rb
Makefile
README.md

$ fzf --filter rdme < files.txt; echo "status $?"
README.md
docs/README.md
status 0

$ fzf --filter rdme --no-sort < files.txt
docs/README.md
README.md

$ fzf --filter zzz < files.txt; echo "status $?"
status 1

$ fzf --filter "" < files.txt
src/main.go
src/main_test.go
docs/README.md
core/app.py
core/app.rb
Makefile
README.md

$ fzf --filter rdme --tiebreak=nope < files.txt; echo "status $?"
invalid sort criterion: nope
status 2

$ fzf --query makef --select-1 --exit-0 < files.txt; echo "status $?"
Makefile
status 0

$ fzf --query zzz --select-1 --exit-0 < files.txt; echo "status $?"
status 1

$ fzf --filter mngo < files.txt; echo "status $?"
src/main.go
src/main_test.go
status 0

$ FZF_DEFAULT_OPTS=--exact fzf --filter mngo < files.txt; echo "status $?"
status 1

$ FZF_DEFAULT_OPTS=--bogus fzf --filter mngo < files.txt; echo "status $?"
$FZF_DEFAULT_OPTS: unknown option: --bogus
status 2

$ cat fzfrc; FZF_DEFAULT_OPTS_FILE=fzfrc fzf --filter mngo < files.txt; echo "status $?"
--exact
status 1

$ export FZF_DEFAULT_OPTS=--exact; FZF_DEFAULT_OPTS= FZF_DEFAULT_OPTS_FILE= fzf --filter mngo < files.txt; echo "status $?"; unset FZF_DEFAULT_OPTS
src/main.go
src/main_test.go
status 0

$ q="main go"; fzf --filter $q < files.txt; echo "status $?"
unknown option: go
status 2

$ q="main go"; fzf --filter "$q" < files.txt; echo "status $?"
src/main.go
src/main_test.go
status 0

